Depth  Name                             #Inst  Area (um^2)
----------------------------------------------------------
0      fir_16tap                        886    3416.238   
1      add_2_root_add_0_root_add_94     27     97.356     
1      add_7_root_add_0_root_add_94     22     81.928     
1      mult_67                          16     64.904     
1      q13                              16     85.12      
1      q4                               16     85.12      
1      mult_74                          32     129.808    
1      q9                               16     85.12      
1      mult_71                          16     63.308     
1      mult_73                          16     64.904     
1      q1                               16     85.12      
1      q10                              16     85.12      
1      mult_76                          38     76.608     
1      mult_68                          36     75.544     
1      q6                               16     85.12      
1      add_4_root_add_0_root_add_94     25     94.696     
1      add_10_root_add_0_root_add_94    20     79.268     
1      mult_64                          16     64.904     
1      q3                               16     85.12      
1      q12                              16     85.12      
1      q8                               16     85.12      
1      add_0_root_add_0_root_add_94     37     93.1       
1      add_11_root_add_0_root_add_94    20     79.268     
1      q15                              16     85.12      
1      mult_72                          32     129.808    
1      add_3_root_add_0_root_add_94     23     86.184     
1      q5                               16     85.12      
1      add_5_root_add_0_root_add_94     25     82.992     
1      mult_75                          36     75.544     
1      mult_70                          16     61.712     
1      q14                              16     85.12      
1      q2                               16     85.12      
1      q11                              16     85.12      
1      add_1_root_add_0_root_add_94     30     98.42      
1      mult_66                          16     63.308     
1      q7                               16     85.12      
